Сборка профиля student; журнал: ci-logs/render-student-Ixn61r.log
Quarto version: 1.11.5
[execProcess] /opt/quarto/bin/tools/x86_64/deno run --import-map /tmp/cybersecurity-core-patch-20261008/cache/quarto/deno_std/run_import_map.json --allow-all --unstable-kv --unstable-ffi _extensions/Afonenko-Course-Tools/course-site/entrypoints/pre.ts
Курс: 5 текущих native-документов
QRC разрешено ссылок: 0; отложено ссылок: 1; целей: 7; страниц: 5
Running script '_extensions/Afonenko-Course-Tools/course-core/entrypoints/pre.ts'

[1/5] index.qmd
[2/5] crypto/random.qmd
[3/5] crypto/hash.qmd
[4/5] crypto/key-gen.qmd
[5/5] crypto/cypher.qmd

Running script '_extensions/Afonenko-Course-Tools/course-core/entrypoints/post.ts'
Running script '_extensions/Afonenko-Course-Tools/reference-catalog/entrypoints/post.ts'
Running script '../_extensions/Afonenko-Course-Tools/course-site/entrypoints/collect.ts'

Output created: _output/student/index.html

Курс: 13 текущих native-документов
Подготовлено архивов материалов: 0
QRC разрешено ссылок: 0; отложено ссылок: 0; целей: 13; страниц: 13
Running script '_extensions/Afonenko-Course-Tools/course-core/entrypoints/pre.ts'
Running script '_extensions/Afonenko-Course-Tools/project-download/entrypoints/pre.ts'

[ 1/13] index.qmd
[ 2/13] crypto/random.qmd
[ 3/13] crypto/hash.qmd
[ 4/13] crypto/cypher/symmetric.qmd
[ 5/13] crypto/cypher/asymmetric.qmd
[ 6/13] crypto/sign.qmd
[ 7/13] crypto/cert.qmd
[ 8/13] access-control/ident.qmd
[ 9/13] access-control/authn.qmd
[10/13] access-control/authz.qmd
[11/13] data-integrity/backup.qmd
[12/13] seminar/01-introduction.qmd
[13/13] seminar/02-structure.qmd

Running script '_extensions/Afonenko-Course-Tools/course-core/entrypoints/post.ts'
Running script '_extensions/Afonenko-Course-Tools/project-download/entrypoints/post.ts'
Running script '_extensions/Afonenko-Course-Tools/reference-catalog/entrypoints/post.ts'
Running script '../_extensions/Afonenko-Course-Tools/course-site/entrypoints/collect.ts'

Output created: _output/student/index.html

Курс: 2 текущих native-документов
QRC разрешено ссылок: 1; отложено ссылок: 4; целей: 2; страниц: 2
Running script '_extensions/Afonenko-Course-Tools/course-core/entrypoints/pre.ts'

[1/2] index.qmd
[2/2] 01-introduction.qmd

Running script '_extensions/Afonenko-Course-Tools/course-core/entrypoints/post.ts'
Running script '_extensions/Afonenko-Course-Tools/reference-catalog/entrypoints/post.ts'
Running script '../_extensions/Afonenko-Course-Tools/course-site/entrypoints/collect.ts'

Output created: _output/student/index.html

[execProcess] Success: true, code: 0

Loaded deno-dom-native
Creating SassCache at /home/tolya/Cybersecurity/.quarto/quarto-session-tempdcd6c5e342c7e1f2/sass
Returning SassCache at /home/tolya/Cybersecurity/.quarto/quarto-session-tempdcd6c5e342c7e1f2/sass
SassCache.getOrSet(...)
SassCache.getFromHash(hash=74ded2282a044d4fa2fb2a1ee0f6af7c, inputHash=cbba6f850f9c1092f78e23c875879f94, force=undefined)
  cache miss
  cache miss, setting
SassCache.setFromHash(74ded2282a044d4fa2fb2a1ee0f6af7c, cbba6f850f9c1092f78e23c875879f94), ...
[execProcess] /opt/quarto/bin/tools/x86_64/dart-sass/sass /home/tolya/Cybersecurity/.quarto/quarto-session-tempdcd6c5e342c7e1f2/a97d219b82d3d587.scss /home/tolya/Cybersecurity/.quarto/quarto-session-tempdcd6c5e342c7e1f2/sass/74ded2282a044d4fa2fb2a1ee0f6af7c.css --style compressed --quiet --load-path=/opt/quarto/share/formats/html/bootstrap/dist/scss --load-path=/opt/quarto/share/formats/html/bslib/bslib-scss
[execProcess] Success: true, code: 0
Creating SassCache at /tmp/cybersecurity-core-patch-20261008/cache/quarto/sass
Returning SassCache at /tmp/cybersecurity-core-patch-20261008/cache/quarto/sass
SassCache.getOrSet(...)
SassCache.getFromHash(hash=dad6e035dfeb8fac8f2ca93d5ade5f9e, inputHash=4a60595746f01ebdc2e23fe2aefba289, force=undefined)
  cache hit
  cache hit
[NotebookContext]: Writing all notebooks to /home/tolya/Cybersecurity/.quarto/quarto-session-tempdcd6c5e342c7e1f2/a65a22ba967ccb00.json
-- Searching for R binary --
Looking for 'Rscript' in QUARTO_R: undefined
Looking for 'Rscript' in R_HOME: undefined
Looking for 'Rscript' in PATH.
[execProcess] which Rscript
[execProcess] Success: true, code: 0
Found in PATH at /usr/bin/Rscript
pandoc --verbose --trace
  to: html
  output-file: index.html
  standalone: true
  title-prefix: Основы кибербезопасности
  section-divs: true
  html-math-method: mathjax
  wrap: none
  default-image-extension: png
  fail-if-warnings: true
  toc: false
  
metadata
  pagetitle: Основы кибербезопасности
  document-css: false
  link-citations: true
  date-format: long
  lang: ru
  course:
    id: cybersecurity
    view: student
  reference-catalog:
    namespace: portal
    publication:
      title: Основы кибербезопасности
  subprojects:
    - theory
    - task
    - seminars
  theme: cosmo
  page-layout: full
  
[execProcess] /opt/quarto/bin/tools/x86_64/pandoc +RTS -K512m -RTS --defaults /tmp/quarto-sessionb0f4ddbffb095418/9ddd561b95639a9b/quarto-defaults7a87b4d2550c2236.yml /tmp/quarto-sessionb0f4ddbffb095418/9ddd561b95639a9b/quarto-input707ef3f022f6f962.md --metadata-file /tmp/quarto-sessionb0f4ddbffb095418/9ddd561b95639a9b/quarto-metadatab3ba75ecb9cd1863.yml --verbose --trace --data-dir /opt/quarto/share/pandoc/datadir
[INFO] Loaded /tmp/quarto-sessionb0f4ddbffb095418/9ddd561b95639a9b/83b04abe3cdc596d/template.patched from /tmp/quarto-sessionb0f4ddbffb095418/9ddd561b95639a9b/83b04abe3cdc596d/template.patched
[INFO] Loaded /tmp/quarto-sessionb0f4ddbffb095418/9ddd561b95639a9b/83b04abe3cdc596d/metadata.html from /tmp/quarto-sessionb0f4ddbffb095418/9ddd561b95639a9b/83b04abe3cdc596d/metadata.html
[INFO] Loaded /tmp/quarto-sessionb0f4ddbffb095418/9ddd561b95639a9b/83b04abe3cdc596d/styles.html from /tmp/quarto-sessionb0f4ddbffb095418/9ddd561b95639a9b/83b04abe3cdc596d/styles.html
[INFO] Loaded /tmp/quarto-sessionb0f4ddbffb095418/9ddd561b95639a9b/83b04abe3cdc596d/title-block.html from /tmp/quarto-sessionb0f4ddbffb095418/9ddd561b95639a9b/83b04abe3cdc596d/title-block.html
[INFO] Loaded /tmp/quarto-sessionb0f4ddbffb095418/9ddd561b95639a9b/83b04abe3cdc596d/title-metadata.html from /tmp/quarto-sessionb0f4ddbffb095418/9ddd561b95639a9b/83b04abe3cdc596d/title-metadata.html
[INFO] Loaded /tmp/quarto-sessionb0f4ddbffb095418/9ddd561b95639a9b/83b04abe3cdc596d/_title-meta-author.html from /tmp/quarto-sessionb0f4ddbffb095418/9ddd561b95639a9b/83b04abe3cdc596d/_title-meta-author.html
[INFO] Loaded /tmp/quarto-sessionb0f4ddbffb095418/9ddd561b95639a9b/83b04abe3cdc596d/_title-meta-author.html from /tmp/quarto-sessionb0f4ddbffb095418/9ddd561b95639a9b/83b04abe3cdc596d/_title-meta-author.html
[INFO] Loaded /tmp/quarto-sessionb0f4ddbffb095418/9ddd561b95639a9b/83b04abe3cdc596d/title-block.html from /tmp/quarto-sessionb0f4ddbffb095418/9ddd561b95639a9b/83b04abe3cdc596d/title-block.html
[INFO] Loaded /tmp/quarto-sessionb0f4ddbffb095418/9ddd561b95639a9b/83b04abe3cdc596d/title-metadata.html from /tmp/quarto-sessionb0f4ddbffb095418/9ddd561b95639a9b/83b04abe3cdc596d/title-metadata.html
[INFO] Loaded /tmp/quarto-sessionb0f4ddbffb095418/9ddd561b95639a9b/83b04abe3cdc596d/_title-meta-author.html from /tmp/quarto-sessionb0f4ddbffb095418/9ddd561b95639a9b/83b04abe3cdc596d/_title-meta-author.html
[INFO] Loaded /tmp/quarto-sessionb0f4ddbffb095418/9ddd561b95639a9b/83b04abe3cdc596d/_title-meta-author.html from /tmp/quarto-sessionb0f4ddbffb095418/9ddd561b95639a9b/83b04abe3cdc596d/_title-meta-author.html
[INFO] Loaded /tmp/quarto-sessionb0f4ddbffb095418/9ddd561b95639a9b/83b04abe3cdc596d/title-block.html from /tmp/quarto-sessionb0f4ddbffb095418/9ddd561b95639a9b/83b04abe3cdc596d/title-block.html
[INFO] Loaded /tmp/quarto-sessionb0f4ddbffb095418/9ddd561b95639a9b/83b04abe3cdc596d/title-metadata.html from /tmp/quarto-sessionb0f4ddbffb095418/9ddd561b95639a9b/83b04abe3cdc596d/title-metadata.html
[INFO] Loaded /tmp/quarto-sessionb0f4ddbffb095418/9ddd561b95639a9b/83b04abe3cdc596d/_title-meta-author.html from /tmp/quarto-sessionb0f4ddbffb095418/9ddd561b95639a9b/83b04abe3cdc596d/_title-meta-author.html
[INFO] Loaded /tmp/quarto-sessionb0f4ddbffb095418/9ddd561b95639a9b/83b04abe3cdc596d/_title-meta-author.html from /tmp/quarto-sessionb0f4ddbffb095418/9ddd561b95639a9b/83b04abe3cdc596d/_title-meta-author.html
[INFO] Loaded /tmp/quarto-sessionb0f4ddbffb095418/9ddd561b95639a9b/83b04abe3cdc596d/title-block.html from /tmp/quarto-sessionb0f4ddbffb095418/9ddd561b95639a9b/83b04abe3cdc596d/title-block.html
[INFO] Loaded /tmp/quarto-sessionb0f4ddbffb095418/9ddd561b95639a9b/83b04abe3cdc596d/title-metadata.html from /tmp/quarto-sessionb0f4ddbffb095418/9ddd561b95639a9b/83b04abe3cdc596d/title-metadata.html
[INFO] Loaded /tmp/quarto-sessionb0f4ddbffb095418/9ddd561b95639a9b/83b04abe3cdc596d/_title-meta-author.html from /tmp/quarto-sessionb0f4ddbffb095418/9ddd561b95639a9b/83b04abe3cdc596d/_title-meta-author.html
[INFO] Loaded /tmp/quarto-sessionb0f4ddbffb095418/9ddd561b95639a9b/83b04abe3cdc596d/_title-meta-author.html from /tmp/quarto-sessionb0f4ddbffb095418/9ddd561b95639a9b/83b04abe3cdc596d/_title-meta-author.html
[INFO] Loaded /tmp/quarto-sessionb0f4ddbffb095418/9ddd561b95639a9b/83b04abe3cdc596d/title-block.html from /tmp/quarto-sessionb0f4ddbffb095418/9ddd561b95639a9b/83b04abe3cdc596d/title-block.html
[INFO] Loaded /tmp/quarto-sessionb0f4ddbffb095418/9ddd561b95639a9b/83b04abe3cdc596d/title-metadata.html from /tmp/quarto-sessionb0f4ddbffb095418/9ddd561b95639a9b/83b04abe3cdc596d/title-metadata.html
[INFO] Loaded /tmp/quarto-sessionb0f4ddbffb095418/9ddd561b95639a9b/83b04abe3cdc596d/_title-meta-author.html from /tmp/quarto-sessionb0f4ddbffb095418/9ddd561b95639a9b/83b04abe3cdc596d/_title-meta-author.html
[INFO] Loaded /tmp/quarto-sessionb0f4ddbffb095418/9ddd561b95639a9b/83b04abe3cdc596d/_title-meta-author.html from /tmp/quarto-sessionb0f4ddbffb095418/9ddd561b95639a9b/83b04abe3cdc596d/_title-meta-author.html
[INFO] Loaded /tmp/quarto-sessionb0f4ddbffb095418/9ddd561b95639a9b/83b04abe3cdc596d/title-block.html from /tmp/quarto-sessionb0f4ddbffb095418/9ddd561b95639a9b/83b04abe3cdc596d/title-block.html
[INFO] Loaded /tmp/quarto-sessionb0f4ddbffb095418/9ddd561b95639a9b/83b04abe3cdc596d/title-metadata.html from /tmp/quarto-sessionb0f4ddbffb095418/9ddd561b95639a9b/83b04abe3cdc596d/title-metadata.html
[INFO] Loaded /tmp/quarto-sessionb0f4ddbffb095418/9ddd561b95639a9b/83b04abe3cdc596d/_title-meta-author.html from /tmp/quarto-sessionb0f4ddbffb095418/9ddd561b95639a9b/83b04abe3cdc596d/_title-meta-author.html
[INFO] Loaded /tmp/quarto-sessionb0f4ddbffb095418/9ddd561b95639a9b/83b04abe3cdc596d/_title-meta-author.html from /tmp/quarto-sessionb0f4ddbffb095418/9ddd561b95639a9b/83b04abe3cdc596d/_title-meta-author.html
[INFO] Loaded /tmp/quarto-sessionb0f4ddbffb095418/9ddd561b95639a9b/83b04abe3cdc596d/title-block.html from /tmp/quarto-sessionb0f4ddbffb095418/9ddd561b95639a9b/83b04abe3cdc596d/title-block.html
[INFO] Loaded /tmp/quarto-sessionb0f4ddbffb095418/9ddd561b95639a9b/83b04abe3cdc596d/title-metadata.html from /tmp/quarto-sessionb0f4ddbffb095418/9ddd561b95639a9b/83b04abe3cdc596d/title-metadata.html
[INFO] Loaded /tmp/quarto-sessionb0f4ddbffb095418/9ddd561b95639a9b/83b04abe3cdc596d/_title-meta-author.html from /tmp/quarto-sessionb0f4ddbffb095418/9ddd561b95639a9b/83b04abe3cdc596d/_title-meta-author.html
[INFO] Loaded /tmp/quarto-sessionb0f4ddbffb095418/9ddd561b95639a9b/83b04abe3cdc596d/_title-meta-author.html from /tmp/quarto-sessionb0f4ddbffb095418/9ddd561b95639a9b/83b04abe3cdc596d/_title-meta-author.html
[INFO] Loaded /tmp/quarto-sessionb0f4ddbffb095418/9ddd561b95639a9b/83b04abe3cdc596d/title-block.html from /tmp/quarto-sessionb0f4ddbffb095418/9ddd561b95639a9b/83b04abe3cdc596d/title-block.html
[INFO] Loaded /tmp/quarto-sessionb0f4ddbffb095418/9ddd561b95639a9b/83b04abe3cdc596d/title-metadata.html from /tmp/quarto-sessionb0f4ddbffb095418/9ddd561b95639a9b/83b04abe3cdc596d/title-metadata.html
[INFO] Loaded /tmp/quarto-sessionb0f4ddbffb095418/9ddd561b95639a9b/83b04abe3cdc596d/_title-meta-author.html from /tmp/quarto-sessionb0f4ddbffb095418/9ddd561b95639a9b/83b04abe3cdc596d/_title-meta-author.html
[INFO] Loaded /tmp/quarto-sessionb0f4ddbffb095418/9ddd561b95639a9b/83b04abe3cdc596d/_title-meta-author.html from /tmp/quarto-sessionb0f4ddbffb095418/9ddd561b95639a9b/83b04abe3cdc596d/_title-meta-author.html
[INFO] Loaded /tmp/quarto-sessionb0f4ddbffb095418/9ddd561b95639a9b/83b04abe3cdc596d/title-block.html from /tmp/quarto-sessionb0f4ddbffb095418/9ddd561b95639a9b/83b04abe3cdc596d/title-block.html
[INFO] Loaded /tmp/quarto-sessionb0f4ddbffb095418/9ddd561b95639a9b/83b04abe3cdc596d/title-metadata.html from /tmp/quarto-sessionb0f4ddbffb095418/9ddd561b95639a9b/83b04abe3cdc596d/title-metadata.html
[INFO] Loaded /tmp/quarto-sessionb0f4ddbffb095418/9ddd561b95639a9b/83b04abe3cdc596d/_title-meta-author.html from /tmp/quarto-sessionb0f4ddbffb095418/9ddd561b95639a9b/83b04abe3cdc596d/_title-meta-author.html
[INFO] Loaded /tmp/quarto-sessionb0f4ddbffb095418/9ddd561b95639a9b/83b04abe3cdc596d/_title-meta-author.html from /tmp/quarto-sessionb0f4ddbffb095418/9ddd561b95639a9b/83b04abe3cdc596d/_title-meta-author.html
[INFO] Loaded /tmp/quarto-sessionb0f4ddbffb095418/9ddd561b95639a9b/83b04abe3cdc596d/toc.html from /tmp/quarto-sessionb0f4ddbffb095418/9ddd561b95639a9b/83b04abe3cdc596d/toc.html
[trace] Parsed [Plain [Str "cybersecurity"]] at line 1
[trace] Parsed [Plain [Str "student"]] at line 1
[trace] Parsed [Plain [Str "long"]] at line 1
[trace] Parsed [Plain [Str "ru"]] at line 1
[trace] Parsed [Plain [Str "full"]] at line 1
[trace] Parsed [Plain [Str "\1054\1089\1085\1086\1074\1099",Space,Str "\108 at line 1
[trace] Parsed [Plain [Str "true"]] at line 1
[trace] Parsed [Plain [Str "1.11.5"]] at line 1
[trace] Parsed [Plain [Str "portal"]] at line 1
[trace] Parsed [Plain [Str "\1054\1089\1085\1086\1074\1099",Space,Str "\108 at line 1
[trace] Parsed [Plain [Str "theory"]] at line 1
[trace] Parsed [Plain [Str "task"]] at line 1
[trace] Parsed [Plain [Str "seminars"]] at line 1
[trace] Parsed [Plain [Str "cosmo"]] at line 1
[trace] Parsed [Plain [Str "\1057\1086\1076\1077\1088\1078\1072\1085\1080\1 at line 1
[trace] Parsed [] at line 3
[trace] Parsed [Header 1 ("sec-portal",[],[]) [Str "\1054\1089\1085\1086\10 at line 5
[trace] Parsed [Para [Str "\1062\1077\1083\1100",Space,Str "\1082\1091\1088 at line 9
[trace] Parsed [Header 2 ("sec-course-plan",[],[]) [Str "\1055\1083\1072\10 at line 11
[trace] Parsed [Table ("",[],[]) (Caption Nothing [Plain [Str "\1052\1072\1 at line 19
[trace] Parsed [Header 2 ("\1088\1072\1073\1086\1090\1072-\1089-\1084\1072\ at line 21
[trace] Parsed [Para [Str "\1059\1089\1083\1086\1074\1080\1103",Space,Str " at line 24
[trace] Parsed [Para [Str "\1042",Space,Str "\1083\1086\1082\1072\1083\1100 at line 26
[trace] Parsed [Div ("",["content-visible"],[("when-profile","full")]) [Par at line 31
[trace] Parsed [Para [Span ("",["hidden","quarto-markdown-envelope-contents at line 34
[trace] Parsed [Para [Span ("",["hidden","quarto-markdown-envelope-contents at line 37
[trace] Parsed [Para [Str "\1040\1092\1086\1085\1077\1085\1082\1086",Space, at line 39
[trace] Parsed [Div ("",["hidden","quarto-markdown-envelope-contents"],[("r at line 41
[trace] Parsed [Div ("quarto-navigation-envelope",["hidden"],[]) [Para [Spa at line 45
[trace] Parsed [Para [Span ("",["hidden","quarto-markdown-envelope-contents at line 48
[trace] Parsed [Para [Span ("",["hidden","quarto-markdown-envelope-contents at line 50
[trace] Parsed [Para [Span ("",["hidden","quarto-markdown-envelope-contents at line 52
[trace] Parsed [Para [Span ("",["hidden","quarto-markdown-envelope-contents at line 54
[trace] Parsed [Para [Span ("",["hidden","quarto-markdown-envelope-contents at line 56
[trace] Parsed [Para [Span ("",["hidden","quarto-markdown-envelope-contents at line 57
[trace] Parsed [Div ("quarto-meta-markdown",["hidden"],[]) [Para [Span ("", at line 61
[INFO] Running filter /opt/quarto/share/filters/main.lua
[trace] Parsed [Header 2 ("tbl-course-plan",["course-plan","striped","hover at line 4
[INFO] Completed filter /opt/quarto/share/filters/main.lua in 209 ms
[execProcess] Success: true, code: 0
[listing] Completing staged feeds in /home/tolya/Cybersecurity
[listing] Completing listing items in /home/tolya/Cybersecurity
[listing] Completing listing items for 1 files
[listing] Creating content reader
[listing] Completing listing items /home/tolya/Cybersecurity/index.qmd
[listing] Writing global listing index for /home/tolya/Cybersecurity
[execProcess] /opt/quarto/bin/tools/x86_64/deno run --import-map /tmp/cybersecurity-core-patch-20261008/cache/quarto/deno_std/run_import_map.json --allow-all --unstable-kv --unstable-ffi _extensions/Afonenko-Course-Tools/course-site/entrypoints/post.ts
QRC разрешено ссылок: 23; отложено ссылок: 0; целей: 25; страниц: 21
[execProcess] Success: true, code: 0

[NotebookContext]: Starting Cleanup
Output created: _site-student/index.html

SassCache cleanup executing for /home/tolya/Cybersecurity/.quarto/quarto-session-tempdcd6c5e342c7e1f2/sass
SassCache cleanup executing for /tmp/cybersecurity-core-patch-20261008/cache/quarto/sass
Профиль student собран
